Hengrui USA                                                                                                              Page 1 of 1
Protocol No.: compound_YYYYY                                                                                                        
                                              Table 14.5.1 Summary of Metastatic Disease                                            
____________________________________________________________________________________________________________________________________

                                                                                                       Active                       
                                                                                 ___________________________________________________
                                                                         Placebo                  Low Dose                 High Dose
                                                                           (N=4)                     (N=5)                     (N=1)
____________________________________________________________________________________________________________________________________

Any Metastatic Disease                                                                                                              
 Yes                                                                   3 ( 75.0)                 4 ( 80.0)                 1 (100.0)
 No                                                                    1 ( 25.0)                 1 ( 20.0)                 1 (100.0)

Location of Metastatic Disease                                                                                                      
 Bone                                                                  1 ( 25.0)                 2 ( 40.0)                 1 (100.0)
 Brain                                                                 1 ( 25.0)                 2 ( 40.0)                 1 (100.0)
 Other                                                                 1 ( 25.0)                         0                 1 (100.0)
   Chest Wall                                                          1 ( 25.0)                         0                 1 (100.0)





























____________________________________________________________________________________________________________________________________
Note: This is based on the dataset ADSL.                                                                                            
Program Source: t2.sas                                                                                  Executed: (Draft) 2022-01-14
